[backblue.gif]
[fade.gif]
[index.html]
[wiki.open-esb.java.net/images/openesb16x16.png]
[wiki.open-esb.java.net/rss.rdf]
[wiki.open-esb.java.net/rssc383.jsp]
[wiki.open-esb.java.net/templates/brushed/scripts/prototype.js]
[wiki.open-esb.java.net/templates/brushed/scripts/brushed.js]
[wiki.open-esb.java.net/templates/brushed/skins/Smart/skin.js]
[wiki.open-esb.java.net/images/ESBLogoTag-304x60C.jpg]
[wiki.open-esb.java.net/static/menu.js]
[wiki.open-esb.java.net/images/xml.png]
[wiki.open-esb.java.net/images/ora_logo_small.gif]
[www.statcounter.com/counter/counter.js]
[www.google-analytics.com/urchin.js]
[wiki.open-esb.java.net/Wikifbc9.html]
[wiki.open-esb.java.net/templates/brushed/jspwiki.css]
[wiki.open-esb.java.net/templates/brushed/skins/Smart/skin.css]
[wiki.open-esb.java.net/Wiki702d.html]
[wiki.open-esb.java.net/Wikia3b7.html]
[wiki.open-esb.java.net/Wikib2ab.html]
[wiki.open-esb.java.net/templates/brushed/index.html]
[wiki.open-esb.java.net/index.html]
[wiki.open-esb.java.net/Wiki48c3.html]
[wiki.open-esb.java.net/Wiki195c.html]
[wiki.open-esb.java.net/Logine830.html]
[wiki.open-esb.java.net/Search136d.html]
[wiki.open-esb.java.net/templates/brushed/FindAjax.html]
[wiki.open-esb.java.net/Wiki5f9e.html]
[wiki.open-esb.java.net/Wiki5fc7.html]
[wiki.open-esb.java.net/Wiki20e8.html]
[wiki.open-esb.java.net/Wiki5e52.html]
[wiki.open-esb.java.net/Wiki3879.html]
[wiki.open-esb.java.net/Wiki0ddb.html]
[wiki.open-esb.java.net/Wikia9da.html]
[wiki.open-esb.java.net/Wiki17ca.html]
[wiki.open-esb.java.net/Wiki82ac.html]
[wiki.open-esb.java.net/Wiki39db.html]
[wiki.open-esb.java.net/Wikiad48.html]
[wiki.open-esb.java.net/Wikie39c.html]
[wiki.open-esb.java.net/Wikia3b6.html]
[wiki.open-esb.java.net/Wiki1f81.html]
[wiki.open-esb.java.net/Wiki5233.html]
[wiki.open-esb.java.net/Wiki2f9d.html]
[wiki.open-esb.java.net/Wikicae3.html]
[wiki.open-esb.java.net/Wiki1302.html]
[wiki.open-esb.java.net/Wiki434d.html]
[wiki.open-esb.java.net/Wiki77bf.html]
[wiki.open-esb.java.net/Wikife94.html]
[wiki.open-esb.java.net/Wiki0931.html]
[wiki.open-esb.java.net/Wikid4c2.html]
[wiki.open-esb.java.net/Wiki21f2.html]
[wiki.open-esb.java.net/Wiki7030.html]
[wiki.open-esb.java.net/Wikif987.html]
[wiki.open-esb.java.net/Diff3de7.html]
[wiki.open-esb.java.net/Wikide0d.html]
[wiki.open-esb.java.net/PageInfofbc9.html]
[wiki.open-esb.java.net/Wikidb1e.html]
[wiki.open-esb.java.net/Wikif6e4.html]
[wiki.open-esb.java.net/Diff21a1.html]
[wiki.open-esb.java.net/Wikia4d5.html]
[wiki.open-esb.java.net/Diff576e.html]
[wiki.open-esb.java.net/Difff0f1.html]
[wiki.open-esb.java.net/Wikic534.html]
[wiki.open-esb.java.net/Diff3595.html]
[wiki.open-esb.java.net/Diff2026.html]
[wiki.open-esb.java.net/Wikibb9d.html]
[wiki.open-esb.java.net/Diffdd97.html]
[wiki.open-esb.java.net/Diffedd7.html]
[wiki.open-esb.java.net/Wiki8b01.html]
[wiki.open-esb.java.net/Diff4ad6.html]
[wiki.open-esb.java.net/Diff5108.html]
[wiki.open-esb.java.net/Wikicec1.html]
[wiki.open-esb.java.net/Diffdc34.html]
[wiki.open-esb.java.net/Diff9681.html]
[wiki.open-esb.java.net/Wiki2a23.html]
[wiki.open-esb.java.net/Diff794f.html]
[wiki.open-esb.java.net/Diffb316.html]
[wiki.open-esb.java.net/Wikic476.html]
[wiki.open-esb.java.net/Diff3bd0.html]
[wiki.open-esb.java.net/Diff2adf.html]
[wiki.open-esb.java.net/Wikie22f.html]
[wiki.open-esb.java.net/Diff789f.html]
[wiki.open-esb.java.net/Diff99fa.html]
[wiki.open-esb.java.net/Wikiff28.html]
[wiki.open-esb.java.net/Diff220f.html]
[wiki.open-esb.java.net/Diff6ad9.html]
[wiki.open-esb.java.net/Wiki6452.html]
[wiki.open-esb.java.net/Difffdf2.html]
[wiki.open-esb.java.net/Diff8d50.html]
[wiki.open-esb.java.net/Wiki0aa3.html]
[wiki.open-esb.java.net/Diffb9e5.html]
[wiki.open-esb.java.net/Diff54b8.html]
[wiki.open-esb.java.net/Wikie08a.html]
[wiki.open-esb.java.net/Diffece1.html]
[wiki.open-esb.java.net/Diff9db7.html]
[wiki.open-esb.java.net/Wikic34e.html]
[wiki.open-esb.java.net/Diff7a75.html]
[wiki.open-esb.java.net/Diffbc98.html]
[wiki.open-esb.java.net/Wikid7dd.html]
[wiki.open-esb.java.net/Diff63d7.html]
[wiki.open-esb.java.net/Diff157c.html]
[wiki.open-esb.java.net/Wiki2afb.html]
[wiki.open-esb.java.net/Diff8b5c.html]
[wiki.open-esb.java.net/Diff9a1b.html]
[wiki.open-esb.java.net/Wiki27f0.html]
[wiki.open-esb.java.net/Diff759d.html]
[wiki.open-esb.java.net/Diff95f2.html]
[wiki.open-esb.java.net/Diff03b7.html]
[wiki.open-esb.java.net/Wiki73af.html]
[wiki.open-esb.java.net/Wiki7eba.html]
[www.statcounter.com/counter/counter.js]
